// Jest Snapshot v1, https://goo.gl/fbAQLP

exports[`chotot theme should match current snapshot 1`] = `
Object {
  "borderStyles": Object {
    "none": "none",
    "solid": "solid",
  },
  "borderWidths": Object {
    "0": "0px",
    "1": "1px",
    "2": "2px",
    "3": "3px",
    "4": "4px",
    "lg": "3px",
    "md": "2px",
    "none": "0px",
    "sm": "1px",
    "xl": "4px",
  },
  "borders": Object {
    "none": "0",
    "sm": "1px solid #E8E8E8",
  },
  "breakpoints": Array [
    "576px",
    "768px",
    "992px",
    "1200px",
    "1400px",
  ],
  "colors": Object {
    "accent": "#FE9900",
    "accentBG": "#FFEFD6",
    "accentBGLight": "#FFF7EA",
    "accentDark": "#CC7A00",
    "accentLight": "#FFB647",
    "background": "#F4F4F4",
    "black": "#222222",
    "blue1": "#2275D3",
    "blue2": "#4A90E2",
    "blue3": "#84B4EB",
    "blue4": "#E0EFFF",
    "blue5": "#EFF6FF",
    "border": "#CACACA",
    "caution": "#FFBA00",
    "cautionBG": "#FFF4D6",
    "cautionBGLight": "#FFF9EA",
    "cautionDark": "#CC9600",
    "cautionLight": "#FFCE47",
    "critical": "#D0021B",
    "criticalBG": "#FFD7DB",
    "criticalBGLight": "#FFEFF1",
    "criticalDark": "#A20214",
    "criticalLight": "#FD213B",
    "darkblue1": "#2A5079",
    "darkblue2": "#38699F",
    "darkblue3": "#598DC5",
    "darkblue4": "#E1EAF4",
    "darkgray1": "",
    "darkgray2": "",
    "darkgray3": "#777777",
    "darkgray4": "",
    "gray1": "#9B9B9B",
    "gray2": "#CACACA",
    "gray3": "#E8E8E8",
    "gray4": "#F4F4F4",
    "gray5": "#F8F8F8",
    "green1": "#42782B",
    "green2": "#589F39",
    "green3": "#7AC45A",
    "green4": "#E4F1DE",
    "green5": "#F1F8EE",
    "highlight": "#FFF4D6",
    "info": "#4A90E2",
    "infoBG": "#E0EFFF",
    "infoBGLight": "#EFF6FF",
    "infoDark": "#2275D3",
    "infoLight": "#84B4EB",
    "line": "#E8E8E8",
    "link": "#38699F",
    "linkActive": "#2A5079",
    "linkHover": "#598DC5",
    "muted": "#CACACA",
    "neutral": "#CACACA",
    "neutralBG": "#F4F4F4",
    "neutralBGLight": "#F8F8F8",
    "neutralDark": "#9B9B9B",
    "neutralLight": "#E8E8E8",
    "orange1": "#CC7A00",
    "orange2": "#FE9900",
    "orange3": "#FFB647",
    "orange4": "#FFEFD6",
    "orange5": "#FFF7EA",
    "positive": "#589F39",
    "positiveBG": "#E4F1DE",
    "positiveBGLight": "#F1F8EE",
    "positiveDark": "#42782B",
    "positiveLight": "#7AC45A",
    "primary": "#FFBA00",
    "primaryBG": "#FFF4D6",
    "primaryBGLight": "#FFF9EA",
    "primaryDark": "#CC9600",
    "primaryLight": "#FFCE47",
    "red1": "#A20214",
    "red2": "#D0021B",
    "red3": "#FD213B",
    "red4": "#FFD7DB",
    "red5": "#FFEFF1",
    "secondary": "#589F39",
    "secondaryBG": "#E4F1DE",
    "secondaryBGLight": "#F1F8EE",
    "secondaryDark": "#42782B",
    "secondaryLight": "#7AC45A",
    "teal1": "#005C66",
    "teal2": "#0094A3",
    "teal3": "#00CAE0",
    "teal4": "#E1F5F7",
    "text": "#222222",
    "textLighter": "#9B9B9B",
    "white": "#FFFFFF",
    "yellow1": "#CC9600",
    "yellow2": "#FFBA00",
    "yellow3": "#FFCE47",
    "yellow4": "#FFF4D6",
    "yellow5": "#FFF9EA",
  },
  "durations": Object {
    "lg": 2000,
    "md": 1000,
    "sm": 500,
    "xl": 4000,
    "xs": 300,
    "xxl": 6000,
    "xxs": 150,
    "xxxl": 8000,
    "xxxs": 100,
    "xxxxl": 10000,
  },
  "fontSizes": Object {
    "body": "0.875rem",
    "h1": "2rem",
    "h2": "1.5rem",
    "h3": "1.25rem",
    "h4": "1.125rem",
    "h5": "1rem",
    "h6": "0.875rem",
    "lg": "1.125rem",
    "md": "1rem",
    "sm": "0.875rem",
    "xl": "1.25rem",
    "xs": "0.75rem",
    "xxl": "1.5rem",
    "xxs": "0.625rem",
    "xxxl": "2rem",
  },
  "fontWeights": Object {
    "body": 400,
    "bold": 700,
    "heading": 700,
    "normal": 400,
  },
  "fonts": Object {
    "body": "Helvetica, Arial, Roboto, sans-serif",
    "heading": "Helvetica, Arial, Roboto, sans-serif",
    "monospace": "SFMono-Regular, Consolas, Liberation Mono, Menlo, monospace",
    "urls": Object {
      "body": "https://fonts.googleapis.com/css2?family=Roboto:ital,wght@0,400;0,700;1,400&display=swap",
    },
  },
  "gradients": Object {
    "toDark": "linear-gradient(180deg, rgba(0, 0, 0, 0.00) 3%, #101426 100%)",
    "toLight": "linear-gradient(0deg, #FFFFFF 0%, rgba(255, 255, 255, 0.00) 100%)",
  },
  "letterSpacings": Array [],
  "lineHeights": Object {
    "0": 1,
    "1": 1.25,
    "2": 1.5,
    "3": 1.75,
    "4": 2,
    "5": 2.5,
    "lg": 1.75,
    "md": 1.5,
    "sm": 1.25,
    "xl": 2,
    "xs": 1,
    "xxl": 2.5,
  },
  "mediaQueries": Object {
    "desktop": "screen and (min-width: 992px)",
    "ip5": "screen and (max-width: 320px)",
    "tablet": "screen and (min-width: 768px)",
  },
  "radii": Object {
    "circle": "100%",
    "lg": "14px",
    "md": "8px",
    "none": "0",
    "pill": "9999px",
    "sm": "4px",
    "xl": "20px",
    "xs": "2px",
  },
  "shadows": Object {
    "lg": "2px 2px 14px rgba(0,0,0,.3)",
    "md": "0px 0px 8px rgba(0,0,0,.3)",
    "none": "none",
    "sm": "0px 2px 4px rgba(0,0,0,.5)",
  },
  "sizes": Object {
    "$lg": "636px",
    "$md": "480px",
    "$sm": "236px",
    "$xl": "864px",
    "buttonMaxWidth": "352px",
    "full": "100%",
    "half": "50%",
    "lg": "32px",
    "md": "28px",
    "quarter": "25%",
    "sm": "24px",
    "third": "33.33%",
    "threeQuarter": "75%",
    "twoThird": "66.66%",
    "vH": "100vh",
    "vW": "100vw",
    "xl": "48px",
    "xs": "20px",
    "xxl": "64px",
    "xxs": "16px",
    "xxxl": "80px",
    "xxxs": "12px",
    "xxxxl": "96px",
    "xxxxxl": "128px",
  },
  "space": Object {
    "lg": "24px",
    "md": "16px",
    "none": "0px",
    "sm": "12px",
    "xl": "32px",
    "xs": "8px",
    "xxl": "48px",
    "xxs": "4px",
    "xxxl": "64px",
    "xxxs": "2px",
    "xxxxl": "96px",
    "xxxxxl": "128px",
  },
  "zIndices": Object {
    "down": -1,
    "dropdown": 1600,
    "initial": "auto",
    "modal": 1700,
    "neutral": 0,
    "notification": 1900,
    "tooltip": 1800,
    "up": 1,
  },
}
`;
