// Jest Snapshot v1, https://goo.gl/fbAQLP

exports[`mudah theme should match current snapshot 1`] = `
Object {
  "borderStyles": Array [],
  "borderWidths": Array [],
  "borders": Object {
    "cardBorder": "1px solid",
  },
  "breakpoints": Array [
    "576px",
    "768px",
    "992px",
    "1200px",
    "1400px",
  ],
  "colors": Object {
    "accent": "#84B4EB",
    "background": "#F4F4F4",
    "black": "#222222",
    "blue1": "#2275D3",
    "blue2": "#4A90E2",
    "blue3": "#84B4EB",
    "blue4": "#DCEAF9",
    "caution": "#FFCE47",
    "critical": "#D0021B",
    "darkblue1": "#2A5079",
    "darkblue2": "#38699F",
    "darkblue3": "#598DC5",
    "darkblue4": "#E1EAF4",
    "gray1": "#9B9B9B",
    "gray2": "#CACACA",
    "gray3": "#E8E8E8",
    "gray4": "#F4F4F4",
    "green1": "#42782B",
    "green2": "#589F39",
    "green3": "#7AC45A",
    "green4": "#E7F4E1",
    "highlight": "#FFF4D6",
    "info": "#2275D3",
    "line": "#CACACA",
    "link": "#38699F",
    "linkActive": "#4A90E2",
    "muted": "#E8E8E8",
    "neutral": "#9B9B9B",
    "orange1": "#CC7A00",
    "orange2": "#FE9900",
    "orange3": "#FFB647",
    "orange4": "#FFEFD6",
    "positive": "#7AC45A",
    "primary": "#2275D3",
    "red1": "#A20214",
    "red2": "#D0021B",
    "red3": "#FD213B",
    "red4": "#FFD7DB",
    "secondary": "#7AC45A",
    "teal1": "#005C66",
    "teal2": "#0094A3",
    "teal3": "#00CAE0",
    "teal4": "#D6FBFF",
    "text": "#222222",
    "textLighter": "#9B9B9B",
    "white": "#FFFFFF",
    "yellow1": "#CC9600",
    "yellow2": "#FFBA00",
    "yellow3": "#FFCE47",
    "yellow4": "#FFF4D6",
  },
  "fontSizes": Object {
    "0": "11px",
    "1": "12px",
    "2": "13px",
    "3": "14px",
    "4": "15px",
    "5": "16px",
    "6": "18px",
    "7": "20px",
    "8": "24px",
    "9": "32px",
    "h1": "32px",
    "h2": "24px",
    "h3": "20px",
  },
  "fontWeights": Object {
    "body": 400,
    "bold": 700,
    "heading": 700,
    "regular": 400,
  },
  "fonts": Object {
    "body": "Roboto, sans-serif",
    "heading": "inherit",
    "monospace": "SFMono-Regular, Consolas, Liberation Mono, Menlo, monospace",
  },
  "gradients": Object {
    "toDark": "linear-gradient(180deg, rgba(0, 0, 0, 0.00) 3%, #101426 100%)",
    "toLight": "linear-gradient(0deg, #FFFFFF 0%, rgba(255, 255, 255, 0.00) 100%)",
  },
  "letterSpacings": Array [],
  "lineHeights": Array [
    1,
    1.25,
    1.5,
    1.75,
    2,
    2.5,
  ],
  "mediaQueries": Object {
    "desktop": "screen and (min-width: 992px)",
    "tablet": "screen and (min-width: 768px)",
  },
  "radii": Array [
    "0px",
    "3px",
    "4px",
    "6px",
    "12px",
    "20px",
  ],
  "shadows": Array [
    "none",
    "0 1px 7px rgba(0,0,0,.3)",
  ],
  "sizes": Object {
    "0.25": "25%",
    "0.3333333333333333": "33.33%",
    "0.5": "50%",
    "0.6666666666666666": "66.66%",
    "0.75": "75%",
    "1": "100%",
    "icons": Array [
      "16px",
      "20px",
      "22px",
      "24px",
      "32px",
      "40px",
      "50px",
      "75px",
      "100px",
      "105px",
    ],
    "vH": "100vh",
    "vW": "100vw",
  },
  "space": Array [
    "2px",
    "4px",
    "8px",
    "12px",
    "16px",
    "24px",
    "32px",
    "48px",
    "64px",
    "96px",
    "128px",
  ],
  "zIndices": Array [],
}
`;
